src/app/(panel)/admin/submissions/[id]/page.tsx(227,82): error TS2345: Argument of type '{ id: number; name: string; email: string; designation: string | null; phone: string | null; submissionId: number; institution: string | null; isCorresponding: boolean; orderIndex: number; }[]' is not assignable to parameter of type 'string'.
src/features/applications/components/ApplicationsRegistry.tsx(152,17): error TS2551: Property 'research_interests' does not exist on type 'Application'. Did you mean 'researchInterests'?
src/features/applications/components/ApplicationsRegistry.tsx(414,65): error TS2551: Property 'research_interests' does not exist on type 'Application'. Did you mean 'researchInterests'?
src/features/home/components/AnnouncementBar.tsx(15,37): error TS2551: Property 'published_at' does not exist on type 'PublishedPaperUI'. Did you mean 'publishedAt'?
src/features/home/components/AnnouncementBar.tsx(15,73): error TS2551: Property 'published_at' does not exist on type 'PublishedPaperUI'. Did you mean 'publishedAt'?
src/features/submissions/components/RazorpayPayment.tsx(100,70): error TS2345: Argument of type '{ razorpay_order_id: string; razorpay_payment_id: string; razorpay_signature: string; submissionId: number; }' is not assignable to parameter of type '{ razorpayOrderId: string; razorpayPaymentId: string; razorpaySignature: string; submissionId: number; }'.
  Type '{ razorpay_order_id: string; razorpay_payment_id: string; razorpay_signature: string; submissionId: number; }' is missing the following properties from type '{ razorpayOrderId: string; razorpayPaymentId: string; razorpaySignature: string; submissionId: number; }': razorpayOrderId, razorpayPaymentId, razorpaySignature
